<testsuites id="" name="" tests="3" failures="0" skipped="0" errors="0" time="7.964173">
<testsuite name="urgent-dossier-open.spec.ts" timestamp="2026-05-15T11:50:30.096Z" hostname="chromium" tests="2" failures="0" skipped="0" time="8.909" errors="0">
<testcase name="Urgent dossier and reload › page reload completes (no infinite loading bar)" classname="urgent-dossier-open.spec.ts" time="3.726">
</testcase>
<testcase name="Urgent dossier and reload › urgent dossier opens from lawsuits workspace" classname="urgent-dossier-open.spec.ts" time="5.183">
</testcase>
</testsuite>
<testsuite name="urgent-no-kv-storm.spec.ts" timestamp="2026-05-15T11:50:30.096Z" hostname="chromium" tests="1" failures="0" skipped="0" time="6.553" errors="0">
<testcase name="Urgent module — no kv-proxy storm › opening urgent tab and dossier triggers at most 3 kv-proxy calls" classname="urgent-no-kv-storm.spec.ts" time="6.553">
</testcase>
</testsuite>
</testsuites>